<testsuite errors="0" failures="0" name="Django Project Tests" skips="0" tests="19" time="0.062"><testcase classname="crud.tests.BookTestCase" name="test_add_book" time="0.000000" /><testcase classname="crud.tests.BookTestCase" name="test_buscar_libro" time="0.000000" /><testcase classname="crud.tests.BookTestCase" name="test_crear_nuevo_libro" time="0.015615" /><testcase classname="crud.tests.BookTestCase" name="test_editar_libro" time="0.000000" /><testcase classname="crud.tests.BookTestCase" name="test_eliminar_libro" time="0.000000" /><testcase classname="crud.tests.BookTestCase" name="test_libro_sin_precio" time="0.000000" /><testcase classname="crud.tests.FunctionsTestCase" name="test_agregar_carrito" time="0.000000" /><testcase classname="crud.tests.FunctionsTestCase" name="test_agregar_libro_a_carrito_lleno" time="0.015623" /><testcase classname="crud.tests.FunctionsTestCase" name="test_buscar_libros_por_autor" time="0.000000" /><testcase classname="crud.tests.FunctionsTestCase" name="test_buscar_libros_por_autor_no_existente" time="0.000000" /><testcase classname="crud.tests.FunctionsTestCase" name="test_calcular_subtotal_carrito" time="0.000000" /><testcase classname="crud.tests.FunctionsTestCase" name="test_calcular_subtotal_carrito_vacio" time="0.000000" /><testcase classname="crud.tests.FunctionsTestCase" name="test_no_agregar_libro_a_carrito" time="0.000000" /><testcase classname="crud.tests.ViewsTestCase" name="test_add_view" time="0.015622" /><testcase classname="crud.tests.ViewsTestCase" name="test_create_view" time="0.000000" /><testcase classname="crud.tests.ViewsTestCase" name="test_delete_view" time="0.000000" /><testcase classname="crud.tests.ViewsTestCase" name="test_edit_view" time="0.000000" /><testcase classname="crud.tests.ViewsTestCase" name="test_index_view" time="0.000000" /><testcase classname="crud.tests.ViewsTestCase" name="test_update_view" time="0.000000" /></testsuite>